
> railsense@0.1.0 build
> next build

  Γû▓ Next.js 14.2.35
  - Environments: .env.local

   Creating an optimized production build ...
 Γ£ô Compiled successfully
   Linting and checking validity of types ...
node.exe : Failed to compile.
At C:\Users\Yesu Babu\AppData\Roaming\npm\npm.ps1:24 char:5
+     & "node$exe"  "$basedir/node_modules/npm/bin/npm-cli.js" $args
+     ~~~~~~~~~~~~~~~~~~~~~~~~~~~~~~~~~~~~~~~~~~~~~~~~~~~~~~~~~~~~~~
    + CategoryInfo          : NotSpecified: (Failed to compile.:String) [], Re 
   moteException
    + FullyQualifiedErrorId : NativeCommandError
 

./components/InsightPanel.tsx:62:15
Type error: Parameter 'i' implicitly has an 'any' type.

[0m [90m 60 |[39m   [36mconst[39m itemVariants [33m=[39m {[0m
[0m [90m 61 |[39m     hidden[33m:[39m { opacity[33m:[39m 
[35m0[39m[33m,[39m x[33m:[39m [33m-[39m[35m15[39m }[33m,[39m[0m
[0m[31m[1m>[22m[39m[90m 62 |[39m     visible[33m:[39m (i) 
[33m=>[39m ({[0m
[0m [90m    |[39m               [31m[1m^[22m[39m[0m
[0m [90m 63 |[39m       opacity[33m:[39m [35m1[39m[33m,[39m[0m
[0m [90m 64 |[39m       x[33m:[39m [35m0[39m[33m,[39m[0m
[0m [90m 65 |[39m       transition[33m:[39m { delay[33m:[39m 
[35m0.2[39m [33m+[39m i [33m*[39m [35m0.1[39m[33m,[39m 
duration[33m:[39m [35m0.3[39m }[33m,[39m[0m
Next.js build worker exited with code: 1 and signal: null
